[     276ms] [INFO] %cDownload the React DevTools for a better development experience: https://react.dev/link/react-devtools font-weight:bold @ http://localhost:3000/_next/static/chunks/0wb0_next_dist_07no5cd._.js:2431
[     287ms] [LOG] [HMR] connected @ http://localhost:3000/_next/static/chunks/0wb0_next_dist_07no5cd._.js:2431
[     592ms] [ERROR] Failed to load resource: the server responded with a status of 401 (Unauthorized) @ http://localhost:3000/api/auth/me:0
[     592ms] [ERROR] Failed to load resource: the server responded with a status of 401 (Unauthorized) @ http://localhost:3000/api/auth/me:0
[    3702ms] [WARNING] The resource http://localhost:3000/_next/static/chunks/%5Bnext%5D_internal_font_google_dm_sans_23d4def_module_0h6jp6z.css was preloaded using link preload but not used within a few seconds from the window's load event. Please make sure it has an appropriate `as` value and it is preloaded intentionally. @ http://localhost:3000/login:0
[  542642ms] [LOG] [HMR] connected @ http://localhost:3000/_next/static/chunks/0wb0_next_dist_07no5cd._.js:2431
[  542643ms] [ERROR] WebSocket connection to 'ws://localhost:3000/_next/webpack-hmr?id=A0-W4KGcQoNfNGxotlAk1' failed: Error in connection establishment: net::ERR_CONNECTION_REFUSED @ http://localhost:3000/_next/static/chunks/0wb0_msw_lib_08ka4yq._.js:3421
[  543645ms] [LOG] [HMR] connected @ http://localhost:3000/_next/static/chunks/0wb0_next_dist_07no5cd._.js:2431
[  543646ms] [ERROR] WebSocket connection to 'ws://localhost:3000/_next/webpack-hmr?id=A0-W4KGcQoNfNGxotlAk1' failed: Error in connection establishment: net::ERR_CONNECTION_REFUSED @ http://localhost:3000/_next/static/chunks/0wb0_msw_lib_08ka4yq._.js:3421
[  544647ms] [LOG] [HMR] connected @ http://localhost:3000/_next/static/chunks/0wb0_next_dist_07no5cd._.js:2431
[  544649ms] [ERROR] WebSocket connection to 'ws://localhost:3000/_next/webpack-hmr?id=A0-W4KGcQoNfNGxotlAk1' failed: Error in connection establishment: net::ERR_CONNECTION_REFUSED @ http://localhost:3000/_next/static/chunks/0wb0_msw_lib_08ka4yq._.js:3421
[  545650ms] [LOG] [HMR] connected @ http://localhost:3000/_next/static/chunks/0wb0_next_dist_07no5cd._.js:2431
[  545651ms] [ERROR] WebSocket connection to 'ws://localhost:3000/_next/webpack-hmr?id=A0-W4KGcQoNfNGxotlAk1' failed: Error in connection establishment: net::ERR_CONNECTION_REFUSED @ http://localhost:3000/_next/static/chunks/0wb0_msw_lib_08ka4yq._.js:3421
[  546653ms] [LOG] [HMR] connected @ http://localhost:3000/_next/static/chunks/0wb0_next_dist_07no5cd._.js:2431
[  546653ms] [ERROR] WebSocket connection to 'ws://localhost:3000/_next/webpack-hmr?id=A0-W4KGcQoNfNGxotlAk1' failed: Error in connection establishment: net::ERR_CONNECTION_REFUSED @ http://localhost:3000/_next/static/chunks/0wb0_msw_lib_08ka4yq._.js:3421
[  547655ms] [LOG] [HMR] connected @ http://localhost:3000/_next/static/chunks/0wb0_next_dist_07no5cd._.js:2431
[  547660ms] [ERROR] WebSocket connection to 'ws://localhost:3000/_next/webpack-hmr?id=A0-W4KGcQoNfNGxotlAk1' failed: Error in connection establishment: net::ERR_CONNECTION_REFUSED @ http://localhost:3000/_next/static/chunks/0wb0_msw_lib_08ka4yq._.js:3421
[  548661ms] [LOG] [HMR] connected @ http://localhost:3000/_next/static/chunks/0wb0_next_dist_07no5cd._.js:2431
[  548665ms] [ERROR] WebSocket connection to 'ws://localhost:3000/_next/webpack-hmr?id=A0-W4KGcQoNfNGxotlAk1' failed: Error in connection establishment: net::ERR_CONNECTION_REFUSED @ http://localhost:3000/_next/static/chunks/0wb0_msw_lib_08ka4yq._.js:3421
[  549666ms] [LOG] [HMR] connected @ http://localhost:3000/_next/static/chunks/0wb0_next_dist_07no5cd._.js:2431
[  549678ms] [ERROR] WebSocket connection to 'ws://localhost:3000/_next/webpack-hmr?id=A0-W4KGcQoNfNGxotlAk1' failed: Error in connection establishment: net::ERR_CONNECTION_REFUSED @ http://localhost:3000/_next/static/chunks/0wb0_msw_lib_08ka4yq._.js:3421
[  550680ms] [LOG] [HMR] connected @ http://localhost:3000/_next/static/chunks/0wb0_next_dist_07no5cd._.js:2431
[  550701ms] [ERROR] WebSocket connection to 'ws://localhost:3000/_next/webpack-hmr?id=A0-W4KGcQoNfNGxotlAk1' failed: Error in connection establishment: net::ERR_CONNECTION_REFUSED @ http://localhost:3000/_next/static/chunks/0wb0_msw_lib_08ka4yq._.js:3421
[  551702ms] [LOG] [HMR] connected @ http://localhost:3000/_next/static/chunks/0wb0_next_dist_07no5cd._.js:2431
[  551723ms] [ERROR] WebSocket connection to 'ws://localhost:3000/_next/webpack-hmr?id=A0-W4KGcQoNfNGxotlAk1' failed: Error in connection establishment: net::ERR_CONNECTION_REFUSED @ http://localhost:3000/_next/static/chunks/0wb0_msw_lib_08ka4yq._.js:3421
[  552725ms] [LOG] [HMR] connected @ http://localhost:3000/_next/static/chunks/0wb0_next_dist_07no5cd._.js:2431
[  552807ms] [ERROR] WebSocket connection to 'ws://localhost:3000/_next/webpack-hmr?id=A0-W4KGcQoNfNGxotlAk1' failed: Error in connection establishment: net::ERR_CONNECTION_REFUSED @ http://localhost:3000/_next/static/chunks/0wb0_msw_lib_08ka4yq._.js:3421
[  553807ms] [LOG] [HMR] connected @ http://localhost:3000/_next/static/chunks/0wb0_next_dist_07no5cd._.js:2431
[  553886ms] [ERROR] WebSocket connection to 'ws://localhost:3000/_next/webpack-hmr?id=A0-W4KGcQoNfNGxotlAk1' failed: Error in connection establishment: net::ERR_CONNECTION_REFUSED @ http://localhost:3000/_next/static/chunks/0wb0_msw_lib_08ka4yq._.js:3421
[  554888ms] [LOG] [HMR] connected @ http://localhost:3000/_next/static/chunks/0wb0_next_dist_07no5cd._.js:2431
[  555335ms] [ERROR] WebSocket connection to 'ws://localhost:3000/_next/webpack-hmr?id=A0-W4KGcQoNfNGxotlAk1' failed: Error in connection establishment: net::ERR_CONNECTION_REFUSED @ http://localhost:3000/_next/static/chunks/0wb0_msw_lib_08ka4yq._.js:3421
[  556337ms] [LOG] [HMR] connected @ http://localhost:3000/_next/static/chunks/0wb0_next_dist_07no5cd._.js:2431
[  557581ms] [ERROR] WebSocket connection to 'ws://localhost:3000/_next/webpack-hmr?id=A0-W4KGcQoNfNGxotlAk1' failed: Error in connection establishment: net::ERR_CONNECTION_REFUSED @ http://localhost:3000/_next/static/chunks/0wb0_msw_lib_08ka4yq._.js:3421
[  558582ms] [LOG] [HMR] connected @ http://localhost:3000/_next/static/chunks/0wb0_next_dist_07no5cd._.js:2431
[  559629ms] [ERROR] WebSocket connection to 'ws://localhost:3000/_next/webpack-hmr?id=A0-W4KGcQoNfNGxotlAk1' failed: Error in connection establishment: net::ERR_CONNECTION_REFUSED @ http://localhost:3000/_next/static/chunks/0wb0_msw_lib_08ka4yq._.js:3421
[  560631ms] [LOG] [HMR] connected @ http://localhost:3000/_next/static/chunks/0wb0_next_dist_07no5cd._.js:2431
[  562456ms] [ERROR] WebSocket connection to 'ws://localhost:3000/_next/webpack-hmr?id=A0-W4KGcQoNfNGxotlAk1' failed: Error in connection establishment: net::ERR_CONNECTION_REFUSED @ http://localhost:3000/_next/static/chunks/0wb0_msw_lib_08ka4yq._.js:3421
[  563458ms] [LOG] [HMR] connected @ http://localhost:3000/_next/static/chunks/0wb0_next_dist_07no5cd._.js:2431
[  567206ms] [ERROR] WebSocket connection to 'ws://localhost:3000/_next/webpack-hmr?id=A0-W4KGcQoNfNGxotlAk1' failed: Error in connection establishment: net::ERR_CONNECTION_REFUSED @ http://localhost:3000/_next/static/chunks/0wb0_msw_lib_08ka4yq._.js:3421
[  568208ms] [LOG] [HMR] connected @ http://localhost:3000/_next/static/chunks/0wb0_next_dist_07no5cd._.js:2431
[  572536ms] [ERROR] WebSocket connection to 'ws://localhost:3000/_next/webpack-hmr?id=A0-W4KGcQoNfNGxotlAk1' failed: Error in connection establishment: net::ERR_CONNECTION_REFUSED @ http://localhost:3000/_next/static/chunks/0wb0_msw_lib_08ka4yq._.js:3421
[  573537ms] [LOG] [HMR] connected @ http://localhost:3000/_next/static/chunks/0wb0_next_dist_07no5cd._.js:2431
[  577656ms] [ERROR] WebSocket connection to 'ws://localhost:3000/_next/webpack-hmr?id=A0-W4KGcQoNfNGxotlAk1' failed: Error in connection establishment: net::ERR_CONNECTION_REFUSED @ http://localhost:3000/_next/static/chunks/0wb0_msw_lib_08ka4yq._.js:3421
[  578659ms] [LOG] [HMR] connected @ http://localhost:3000/_next/static/chunks/0wb0_next_dist_07no5cd._.js:2431
[  582159ms] [ERROR] WebSocket connection to 'ws://localhost:3000/_next/webpack-hmr?id=A0-W4KGcQoNfNGxotlAk1' failed: Error in connection establishment: net::ERR_CONNECTION_REFUSED @ http://localhost:3000/_next/static/chunks/0wb0_msw_lib_08ka4yq._.js:3421
[  583161ms] [LOG] [HMR] connected @ http://localhost:3000/_next/static/chunks/0wb0_next_dist_07no5cd._.js:2431
[  587272ms] [ERROR] WebSocket connection to 'ws://localhost:3000/_next/webpack-hmr?id=A0-W4KGcQoNfNGxotlAk1' failed: Error in connection establishment: net::ERR_CONNECTION_REFUSED @ http://localhost:3000/_next/static/chunks/0wb0_msw_lib_08ka4yq._.js:3421
[  588275ms] [LOG] [HMR] connected @ http://localhost:3000/_next/static/chunks/0wb0_next_dist_07no5cd._.js:2431
[  590466ms] [ERROR] WebSocket connection to 'ws://localhost:3000/_next/webpack-hmr?id=A0-W4KGcQoNfNGxotlAk1' failed: Error in connection establishment: net::ERR_CONNECTION_REFUSED @ http://localhost:3000/_next/static/chunks/0wb0_msw_lib_08ka4yq._.js:3421
[  591468ms] [LOG] [HMR] connected @ http://localhost:3000/_next/static/chunks/0wb0_next_dist_07no5cd._.js:2431
[  596445ms] [ERROR] WebSocket connection to 'ws://localhost:3000/_next/webpack-hmr?id=A0-W4KGcQoNfNGxotlAk1' failed: Error in connection establishment: net::ERR_CONNECTION_REFUSED @ http://localhost:3000/_next/static/chunks/0wb0_msw_lib_08ka4yq._.js:3421
[  597448ms] [LOG] [HMR] connected @ http://localhost:3000/_next/static/chunks/0wb0_next_dist_07no5cd._.js:2431
[  601356ms] [ERROR] WebSocket connection to 'ws://localhost:3000/_next/webpack-hmr?id=A0-W4KGcQoNfNGxotlAk1' failed: Error in connection establishment: net::ERR_CONNECTION_REFUSED @ http://localhost:3000/_next/static/chunks/0wb0_msw_lib_08ka4yq._.js:3421
[  602359ms] [LOG] [HMR] connected @ http://localhost:3000/_next/static/chunks/0wb0_next_dist_07no5cd._.js:2431
[  606845ms] [ERROR] WebSocket connection to 'ws://localhost:3000/_next/webpack-hmr?id=A0-W4KGcQoNfNGxotlAk1' failed: Error in connection establishment: net::ERR_CONNECTION_REFUSED @ http://localhost:3000/_next/static/chunks/0wb0_msw_lib_08ka4yq._.js:3421
[  607848ms] [LOG] [HMR] connected @ http://localhost:3000/_next/static/chunks/0wb0_next_dist_07no5cd._.js:2431
[  612708ms] [ERROR] WebSocket connection to 'ws://localhost:3000/_next/webpack-hmr?id=A0-W4KGcQoNfNGxotlAk1' failed: Error in connection establishment: net::ERR_CONNECTION_REFUSED @ http://localhost:3000/_next/static/chunks/0wb0_msw_lib_08ka4yq._.js:3421
[  613710ms] [LOG] [HMR] connected @ http://localhost:3000/_next/static/chunks/0wb0_next_dist_07no5cd._.js:2431
[  616981ms] [ERROR] WebSocket connection to 'ws://localhost:3000/_next/webpack-hmr?id=A0-W4KGcQoNfNGxotlAk1' failed: Error in connection establishment: net::ERR_CONNECTION_REFUSED @ http://localhost:3000/_next/static/chunks/0wb0_msw_lib_08ka4yq._.js:3421
[  617982ms] [LOG] [HMR] connected @ http://localhost:3000/_next/static/chunks/0wb0_next_dist_07no5cd._.js:2431
[  619239ms] [ERROR] WebSocket connection to 'ws://localhost:3000/_next/webpack-hmr?id=A0-W4KGcQoNfNGxotlAk1' failed: Error in connection establishment: net::ERR_CONNECTION_REFUSED @ http://localhost:3000/_next/static/chunks/0wb0_msw_lib_08ka4yq._.js:3421
[  620241ms] [LOG] [HMR] connected @ http://localhost:3000/_next/static/chunks/0wb0_next_dist_07no5cd._.js:2431
[  622306ms] [ERROR] WebSocket connection to 'ws://localhost:3000/_next/webpack-hmr?id=A0-W4KGcQoNfNGxotlAk1' failed: Error in connection establishment: net::ERR_CONNECTION_REFUSED @ http://localhost:3000/_next/static/chunks/0wb0_msw_lib_08ka4yq._.js:3421
[  623308ms] [LOG] [HMR] connected @ http://localhost:3000/_next/static/chunks/0wb0_next_dist_07no5cd._.js:2431
[  626229ms] [ERROR] WebSocket connection to 'ws://localhost:3000/_next/webpack-hmr?id=A0-W4KGcQoNfNGxotlAk1' failed: Error in connection establishment: net::ERR_CONNECTION_REFUSED @ http://localhost:3000/_next/static/chunks/0wb0_msw_lib_08ka4yq._.js:3421
[  627232ms] [LOG] [HMR] connected @ http://localhost:3000/_next/static/chunks/0wb0_next_dist_07no5cd._.js:2431
[  632018ms] [ERROR] WebSocket connection to 'ws://localhost:3000/_next/webpack-hmr?id=A0-W4KGcQoNfNGxotlAk1' failed: Error in connection establishment: net::ERR_CONNECTION_REFUSED @ http://localhost:3000/_next/static/chunks/0wb0_msw_lib_08ka4yq._.js:3421
[  633019ms] [LOG] [HMR] connected @ http://localhost:3000/_next/static/chunks/0wb0_next_dist_07no5cd._.js:2431
[  636211ms] [ERROR] WebSocket connection to 'ws://localhost:3000/_next/webpack-hmr?id=A0-W4KGcQoNfNGxotlAk1' failed: Error in connection establishment: net::ERR_CONNECTION_REFUSED @ http://localhost:3000/_next/static/chunks/0wb0_msw_lib_08ka4yq._.js:3421
[  636622ms] [ERROR] Failed to load resource: net::ERR_FAILED @ http://localhost:3000/__nextjs_devtools_config:0
[  636623ms] [WARNING] [Next.js DevTools] Failed to save config: {data: {"devToolsPosition":"top-left","devToolsPanelPosit…tjs-dev-tools-shared-panel-location":"top-left"}}, error: TypeError: Failed to fetch
    at r9 (http://localhost:3000/_next/static/chunks/0wb0_next_dist_comp…} @ http://localhost:3000/_next/static/chunks/0wb0_next_dist_07no5cd._.js:2431
[  637213ms] [LOG] [HMR] connected @ http://localhost:3000/_next/static/chunks/0wb0_next_dist_07no5cd._.js:2431
[  638157ms] [ERROR] Failed to load resource: net::ERR_FAILED @ http://localhost:3000/super-admin/universities?_rsc=1kr0y:0
[  638158ms] [ERROR] Failed to fetch RSC payload for http://localhost:3000/super-admin/universities. Falling back to browser navigation. TypeError: Failed to fetch
    at createFetch (http://localhost:3000/_next/static/chunks/0wb0_next_dist_client_0i-eacm._.js:8084:21)
    at fetchServerResponse (http://localhost:3000/_next/static/chunks/0wb0_next_dist_client_0i-eacm._.js:7928:27)
    at navigateToUnknownRoute (http://localhost:3000/_next/static/chunks/0wb0_next_dist_client_0i-eacm._.js:10094:90)
    at navigateImpl (http://localhost:3000/_next/static/chunks/0wb0_next_dist_client_0i-eacm._.js:9989:12)
    at navigate (http://localhost:3000/_next/static/chunks/0wb0_next_dist_client_0i-eacm._.js:9953:12)
    at navigateReducer (http://localhost:3000/_next/static/chunks/0wb0_next_dist_client_0i-eacm._.js:10530:37)
    at clientReducer (http://localhost:3000/_next/static/chunks/0wb0_next_dist_client_0i-eacm._.js:11382:61)
    at Object.action (http://localhost:3000/_next/static/chunks/0wb0_next_dist_client_0i-eacm._.js:11631:55)
    at runAction (http://localhost:3000/_next/static/chunks/0wb0_next_dist_client_0i-eacm._.js:11536:38)
    at dispatchAction (http://localhost:3000/_next/static/chunks/0wb0_next_dist_client_0i-eacm._.js:11599:9)
    at Object.dispatch (http://localhost:3000/_next/static/chunks/0wb0_next_dist_client_0i-eacm._.js:11629:40)
    at http://localhost:3000/_next/static/chunks/0wb0_next_dist_client_0i-eacm._.js:963:29
    at startTransition (http://localhost:3000/_next/static/chunks/0wb0_next_dist_compiled_react-dom_0~j19n9._.js:5469:31)
    at nextDispatch (http://localhost:3000/_next/static/chunks/0wb0_next_dist_client_0i-eacm._.js:962:13)
    at dispatchAppRouterAction (http://localhost:3000/_next/static/chunks/0wb0_next_dist_client_0i-eacm._.js:922:5)
    at dispatchNavigateAction (http://localhost:3000/_next/static/chunks/0wb0_next_dist_client_0i-eacm._.js:11688:49)
    at http://localhost:3000/_next/static/chunks/0wb0_next_dist_0ztmbkk._.js:328:13
    at Object.startTransition (http://localhost:3000/_next/static/chunks/0wb0_next_dist_compiled_0650bvs._.js:1279:31)
    at linkClicked (http://localhost:3000/_next/static/chunks/0wb0_next_dist_0ztmbkk._.js:327:24)
    at onClick (http://localhost:3000/_next/static/chunks/0wb0_next_dist_0ztmbkk._.js:567:13)
    at executeDispatch (http://localhost:3000/_next/static/chunks/0wb0_next_dist_compiled_react-dom_0~j19n9._.js:10329:13)
    at runWithFiberInDEV (http://localhost:3000/_next/static/chunks/0wb0_next_dist_compiled_react-dom_0~j19n9._.js:965:74)
    at processDispatchQueue (http://localhost:3000/_next/static/chunks/0wb0_next_dist_compiled_react-dom_0~j19n9._.js:10355:41)
    at http://localhost:3000/_next/static/chunks/0wb0_next_dist_compiled_react-dom_0~j19n9._.js:10633:13
    at batchedUpdates$1 (http://localhost:3000/_next/static/chunks/0wb0_next_dist_compiled_react-dom_0~j19n9._.js:2253:44)
    at dispatchEventForPluginEventSystem (http://localhost:3000/_next/static/chunks/0wb0_next_dist_compiled_react-dom_0~j19n9._.js:10431:9)
    at dispatchEvent (http://localhost:3000/_next/static/chunks/0wb0_next_dist_compiled_react-dom_0~j19n9._.js:13002:37)
    at dispatchDiscreteEvent (http://localhost:3000/_next/static/chunks/0wb0_next_dist_compiled_react-dom_0~j19n9._.js:12984:64) @ http://localhost:3000/_next/static/chunks/0wb0_next_dist_07no5cd._.js:3272
[ 1037061ms] [INFO] %cDownload the React DevTools for a better development experience: https://react.dev/link/react-devtools font-weight:bold @ http://localhost:3000/_next/static/chunks/0wb0_next_dist_07no5cd._.js:2431
[ 1037135ms] [LOG] [HMR] connected @ http://localhost:3000/_next/static/chunks/0wb0_next_dist_07no5cd._.js:2431
[ 1037486ms] [ERROR] Failed to load resource: the server responded with a status of 401 (Unauthorized) @ http://localhost:3000/api/auth/me:0
[ 1037487ms] [ERROR] Failed to load resource: the server responded with a status of 401 (Unauthorized) @ http://localhost:3000/api/auth/me:0
[ 1040616ms] [WARNING] The resource http://localhost:3000/_next/static/media/5c285b27cdda1fe8-s.p.0yo6-5yoeeudq.woff2 was preloaded using link preload but not used within a few seconds from the window's load event. Please make sure it has an appropriate `as` value and it is preloaded intentionally. @ http://localhost:3000/login:0
[ 1040616ms] [WARNING] The resource http://localhost:3000/_next/static/chunks/%5Bnext%5D_internal_font_google_dm_sans_23d4def_module_0h6jp6z.css was preloaded using link preload but not used within a few seconds from the window's load event. Please make sure it has an appropriate `as` value and it is preloaded intentionally. @ http://localhost:3000/login:0
[ 1045467ms] [WARNING] The resource http://localhost:3000/_next/static/media/5c285b27cdda1fe8-s.p.0yo6-5yoeeudq.woff2 was preloaded using link preload but not used within a few seconds from the window's load event. Please make sure it has an appropriate `as` value and it is preloaded intentionally. @ http://localhost:3000/login:0
[ 1045467ms] [WARNING] The resource http://localhost:3000/_next/static/chunks/%5Bnext%5D_internal_font_google_dm_sans_23d4def_module_0h6jp6z.css was preloaded using link preload but not used within a few seconds from the window's load event. Please make sure it has an appropriate `as` value and it is preloaded intentionally. @ http://localhost:3000/login:0
[ 1121304ms] [WARNING] The resource http://localhost:3000/_next/static/media/5c285b27cdda1fe8-s.p.0yo6-5yoeeudq.woff2 was preloaded using link preload but not used within a few seconds from the window's load event. Please make sure it has an appropriate `as` value and it is preloaded intentionally. @ http://localhost:3000/login:0
[ 1121305ms] [WARNING] The resource http://localhost:3000/_next/static/chunks/%5Bnext%5D_internal_font_google_dm_sans_23d4def_module_0h6jp6z.css was preloaded using link preload but not used within a few seconds from the window's load event. Please make sure it has an appropriate `as` value and it is preloaded intentionally. @ http://localhost:3000/login:0
[ 1175078ms] [WARNING] The resource http://localhost:3000/_next/static/media/5c285b27cdda1fe8-s.p.0yo6-5yoeeudq.woff2 was preloaded using link preload but not used within a few seconds from the window's load event. Please make sure it has an appropriate `as` value and it is preloaded intentionally. @ http://localhost:3000/login:0
[ 1175079ms] [WARNING] The resource http://localhost:3000/_next/static/chunks/%5Bnext%5D_internal_font_google_dm_sans_23d4def_module_0h6jp6z.css was preloaded using link preload but not used within a few seconds from the window's load event. Please make sure it has an appropriate `as` value and it is preloaded intentionally. @ http://localhost:3000/login:0
[ 2596306ms] [WARNING] The resource http://localhost:3000/_next/static/media/5c285b27cdda1fe8-s.p.0yo6-5yoeeudq.woff2 was preloaded using link preload but not used within a few seconds from the window's load event. Please make sure it has an appropriate `as` value and it is preloaded intentionally. @ http://localhost:3000/login:0
[ 2596307ms] [WARNING] The resource http://localhost:3000/_next/static/chunks/%5Bnext%5D_internal_font_google_dm_sans_23d4def_module_0h6jp6z.css was preloaded using link preload but not used within a few seconds from the window's load event. Please make sure it has an appropriate `as` value and it is preloaded intentionally. @ http://localhost:3000/login:0
[ 2701578ms] [WARNING] The resource http://localhost:3000/_next/static/media/5c285b27cdda1fe8-s.p.0yo6-5yoeeudq.woff2 was preloaded using link preload but not used within a few seconds from the window's load event. Please make sure it has an appropriate `as` value and it is preloaded intentionally. @ http://localhost:3000/login:0
[ 2701579ms] [WARNING] The resource http://localhost:3000/_next/static/chunks/%5Bnext%5D_internal_font_google_dm_sans_23d4def_module_0h6jp6z.css was preloaded using link preload but not used within a few seconds from the window's load event. Please make sure it has an appropriate `as` value and it is preloaded intentionally. @ http://localhost:3000/login:0
[ 2870170ms] [WARNING] The resource http://localhost:3000/_next/static/media/5c285b27cdda1fe8-s.p.0yo6-5yoeeudq.woff2 was preloaded using link preload but not used within a few seconds from the window's load event. Please make sure it has an appropriate `as` value and it is preloaded intentionally. @ http://localhost:3000/login:0
[ 2870171ms] [WARNING] The resource http://localhost:3000/_next/static/chunks/%5Bnext%5D_internal_font_google_dm_sans_23d4def_module_0h6jp6z.css was preloaded using link preload but not used within a few seconds from the window's load event. Please make sure it has an appropriate `as` value and it is preloaded intentionally. @ http://localhost:3000/login:0
[ 3124952ms] [WARNING] The resource http://localhost:3000/_next/static/media/5c285b27cdda1fe8-s.p.0yo6-5yoeeudq.woff2 was preloaded using link preload but not used within a few seconds from the window's load event. Please make sure it has an appropriate `as` value and it is preloaded intentionally. @ http://localhost:3000/login:0
[ 3124952ms] [WARNING] The resource http://localhost:3000/_next/static/chunks/%5Bnext%5D_internal_font_google_dm_sans_23d4def_module_0h6jp6z.css was preloaded using link preload but not used within a few seconds from the window's load event. Please make sure it has an appropriate `as` value and it is preloaded intentionally. @ http://localhost:3000/login:0
